// Jest Snapshot v1, https://goo.gl/fbAQLP

exports[`CardLink should match snapshot 1`] = `
<div>
  <a
    href="https://example.com"
    style="width: 100%;"
  >
    <button
      class="css-5143ny-CardButton"
      type="button"
    >
      <h2
        class="css-1bsil5k-Text"
      >
        Example.com
      </h2>
    </button>
  </a>
</div>
`;
